// Jest Snapshot v1, https://goo.gl/fbAQLP

exports[`should render 1`] = `
<svg
  className=""
>
  <use
    xlinkHref="/icons.svg#someSymbol"
  />
</svg>
`;
